2026-08-12 08:45:50,596 | ERROR    | jobpulse.clients.http_client | Line:85 | Connection error while calling http://localhost:8000
Traceback (most recent call last):
  File "C:\Users\toshi\DataEngineer-Bootcamp\projects\jobpulse-ai\.venv\Lib\site-packages\urllib3\connectionpool.py", line 534, in _make_request
    response = conn.getresponse()
               ^^^^^^^^^^^^^^^^^^
  File "C:\Users\toshi\DataEngineer-Bootcamp\projects\jobpulse-ai\.venv\Lib\site-packages\urllib3\connection.py", line 571, in getresponse
    httplib_response = super().getresponse()
                       ^^^^^^^^^^^^^^^^^^^^^
  File "C:\Program Files\Python311\Lib\http\client.py", line 1378, in getresponse
    response.begin()
  File "C:\Program Files\Python311\Lib\http\client.py", line 318, in begin
    version, status, reason = self._read_status()
                              ^^^^^^^^^^^^^^^^^^^
  File "C:\Program Files\Python311\Lib\http\client.py", line 279, in _read_status
    line = str(self.fp.readline(_MAXLINE + 1), "iso-8859-1")
               ^^^^^^^^^^^^^^^^^^^^^^^^^^^^^^
  File "C:\Program Files\Python311\Lib\socket.py", line 706, in readinto
    return self._sock.recv_into(b)
           ^^^^^^^^^^^^^^^^^^^^^^^
TimeoutError: timed out

The above exception was the direct cause of the following exception:

Traceback (most recent call last):
  File "C:\Users\toshi\DataEngineer-Bootcamp\projects\jobpulse-ai\.venv\Lib\site-packages\urllib3\connectionpool.py", line 788, in urlopen
    response = self._make_request(
               ^^^^^^^^^^^^^^^^^^^
  File "C:\Users\toshi\DataEngineer-Bootcamp\projects\jobpulse-ai\.venv\Lib\site-packages\urllib3\connectionpool.py", line 536, in _make_request
    self._raise_timeout(err=e, url=url, timeout_value=read_timeout)
  File "C:\Users\toshi\DataEngineer-Bootcamp\projects\jobpulse-ai\.venv\Lib\site-packages\urllib3\connectionpool.py", line 367, in _raise_timeout
    raise ReadTimeoutError(
urllib3.exceptions.ReadTimeoutError: HTTPConnectionPool(host='localhost', port=8000): Read timed out. (read timeout=10)

The above exception was the direct cause of the following exception:

Traceback (most recent call last):
  File "C:\Users\toshi\DataEngineer-Bootcamp\projects\jobpulse-ai\.venv\Lib\site-packages\requests\adapters.py", line 696, in send
    resp = conn.urlopen(
           ^^^^^^^^^^^^^
  File "C:\Users\toshi\DataEngineer-Bootcamp\projects\jobpulse-ai\.venv\Lib\site-packages\urllib3\connectionpool.py", line 842, in urlopen
    retries = retries.increment(
              ^^^^^^^^^^^^^^^^^^
  File "C:\Users\toshi\DataEngineer-Bootcamp\projects\jobpulse-ai\.venv\Lib\site-packages\urllib3\util\retry.py", line 543, in increment
    raise MaxRetryError(_pool, url, reason) from reason  # type: ignore[arg-type]
    ^^^^^^^^^^^^^^^^^^^^^^^^^^^^^^^^^^^^^^^^^^^^^^^^^^^
urllib3.exceptions.MaxRetryError: HTTPConnectionPool(host='localhost', port=8000): Max retries exceeded with url: / (Caused by ReadTimeoutError("HTTPConnectionPool(host='localhost', port=8000): Read timed out. (read timeout=10)"))

During handling of the above exception, another exception occurred:

Traceback (most recent call last):
  File "C:\Users\toshi\DataEngineer-Bootcamp\Projects\jobpulse-ai\src\jobpulse\clients\http_client.py", line 56, in get
    response = self.session.get(
               ^^^^^^^^^^^^^^^^^
  File "C:\Users\toshi\DataEngineer-Bootcamp\projects\jobpulse-ai\.venv\Lib\site-packages\requests\sessions.py", line 671, in get
    return self.request("GET", url, params=params, **kwargs)
           ^^^^^^^^^^^^^^^^^^^^^^^^^^^^^^^^^^^^^^^^^^^^^^^^^
  File "C:\Users\toshi\DataEngineer-Bootcamp\projects\jobpulse-ai\.venv\Lib\site-packages\requests\sessions.py", line 651, in request
    resp = self.send(prep, **send_kwargs)
           ^^^^^^^^^^^^^^^^^^^^^^^^^^^^^^
  File "C:\Users\toshi\DataEngineer-Bootcamp\projects\jobpulse-ai\.venv\Lib\site-packages\requests\sessions.py", line 784, in send
    r = adapter.send(request, **kwargs)
        ^^^^^^^^^^^^^^^^^^^^^^^^^^^^^^^
  File "C:\Users\toshi\DataEngineer-Bootcamp\projects\jobpulse-ai\.venv\Lib\site-packages\requests\adapters.py", line 729, in send
    raise ConnectionError(e, request=request)
requests.exceptions.ConnectionError: HTTPConnectionPool(host='localhost', port=8000): Max retries exceeded with url: / (Caused by ReadTimeoutError("HTTPConnectionPool(host='localhost', port=8000): Read timed out. (read timeout=10)"))
